// Jest Snapshot v1, https://goo.gl/fbAQLP

exports[`Image renders correctly 1`] = `
<Image
  source={
    Object {
      "testUri": "../../../src/assets/images/image-test.jpg",
    }
  }
  style={Object {}}
/>
`;
