// Jest Snapshot v1, https://goo.gl/fbAQLP

exports[`Container Rendering should match to snapshot 1`] = `
.c0 {
  background-color: white;
}

<View
  className="c0"
>
  <Text>
    Container Children
  </Text>
</View>
`;
