// Jest Snapshot v1, https://goo.gl/fbAQLP

exports[`Container Rendering should match to snapshot 1`] = `
<View>
  <Text>
    Container Children
  </Text>
</View>
`;
