// Jest Snapshot v1, https://goo.gl/fbAQLP

exports[`Alert Rendering should match to snapshot 1`] = `
<Text>
  alert message
</Text>
`;
