// Jest Snapshot v1, https://goo.gl/fbAQLP

exports[`Spinner renders correctly 1`] = `
<View>
  <Text>
    Loading...
  </Text>
</View>
`;
